// Jest Snapshot v1, https://goo.gl/fbAQLP

exports[`parser should return human readable times 1`] = `
"Monday: Closed
Tuesday: 10 am - 6 pm
Wednesday: 9 am - 11 am, 4 pm - 11 pm
Thursday: Closed
Friday: 10.30 am - 2 am
Saturday: 12 am - 11 am, 4 pm - 11 pm
Sunday: 4 pm - 1 am"
`;
